2026-05-25 23:08:42 | INFO     | main | Avis reçu — produit string | 6 chars
2026-05-25 23:08:42 | INFO     | sentiment_model | Chargement du modèle...
2026-05-25 23:08:46 | INFO     | sentiment_model | Modèle chargé.
2026-05-25 23:08:46 | INFO     | sentiment_service | Produit string → positif (0.454) | keywords: []
2026-05-28 13:42:20 | INFO     | main | Avis reçu — produit 1 | 10 chars
2026-05-28 13:42:20 | INFO     | sentiment_model | Chargement du modèle...
2026-05-28 13:42:20 | INFO     | main | Avis reçu — produit 1 | 10 chars
2026-05-28 13:42:22 | INFO     | main | Avis reçu — produit 1 | 10 chars
2026-05-28 13:42:22 | INFO     | main | Avis reçu — produit 1 | 10 chars
2026-05-28 13:42:32 | INFO     | sentiment_model | Modèle chargé.
2026-05-28 13:42:32 | INFO     | sentiment_service | Produit 1 → positif (0.415) | keywords: []
2026-05-28 13:42:51 | INFO     | main | Avis reçu — produit 2 | 8 chars
2026-05-28 13:42:51 | INFO     | sentiment_service | Produit 2 → positif (0.601) | keywords: []
2026-05-29 01:34:18 | INFO     | main | Avis reçu — produit 2 | 44 chars
2026-05-29 01:34:18 | INFO     | sentiment_model | Chargement du modèle...
2026-05-29 01:34:32 | INFO     | sentiment_model | Modèle chargé.
2026-05-29 01:34:32 | INFO     | sentiment_service | Produit 2 → positif (0.989) | keywords: ['excellent', 'quality', 'fast', 'delivery']
2026-05-29 01:34:51 | INFO     | main | Avis reçu — produit 1 | 21 chars
2026-05-29 01:34:51 | INFO     | sentiment_service | Produit 1 → neutre (0.992) | keywords: ['expensive']
2026-05-29 01:52:41 | INFO     | main | Avis reçu — produit 4 | 24 chars
2026-05-29 01:52:42 | INFO     | sentiment_service | Produit 4 → négatif (0.868) | keywords: ['expensive', 'quality']
2026-05-29 10:19:02 | INFO     | main | Avis reçu — produit 4 | 23 chars
2026-05-29 10:19:02 | INFO     | sentiment_model | Chargement du modèle...
2026-05-29 10:19:06 | INFO     | sentiment_model | Modèle chargé.
2026-05-29 10:19:06 | INFO     | sentiment_service | Produit 4 → positif (0.991) | keywords: ['expensive']
2026-05-29 17:32:11 | INFO     | main | Avis reçu — produit 5 | 18 chars
2026-05-29 17:32:11 | INFO     | sentiment_service | Produit 5 → négatif (0.997) | keywords: ['expensive', 'awful']
